---
source: tests/lib_test.rs
expression: "String::from(csv) + \"\\n\" + &lines.sorted().join(\"\\n\")"
input_file: tests/csv_inputs/dispute_withdrawal.csv
---
client,available,held,total,locked
1,0.0000,0.5,0.5,false
